[engghina7-bit.github.io/info-matrix/login.html]
[backblue.gif]
[fade.gif]
[index.html]
[cdnjs.cloudflare.com/ajax/libs/font-awesome/6.4.0/css/all.min.css]
[engghina7-bit.github.io/info-matrix/index.html]
[engghina7-bit.github.io/info-matrix/img/photo_2_2026-03-18_22-23-47.jpg]
[engghina7-bit.github.io/info-matrix/login.html]
[engghina7-bit.github.io/info-matrix/dashboard.html]
[fonts.googleapis.com/css2e411.css]
[cdnjs.cloudflare.com/ajax/libs/font-awesome/6.4.0/css/all.min.css]
[engghina7-bit.github.io/img/photo_2_2026-03-18_22-23-47.jpg]
[engghina7-bit.github.io/info-matrix/index.html]
[engghina7-bit.github.io/info-matrix/simulator.html]
[engghina7-bit.github.io/info-matrix/class_registration.html]
[engghina7-bit.github.io/info-matrix/dashboard.html]
[fonts.googleapis.com/css264f9.css]
[engghina7-bit.github.io/img/photo_2_2026-03-18_22-23-47.html]
[engghina7-bit.github.io/info-matrix/admin.html]
[engghina7-bit.github.io/info-matrix/logo.jpg]
[engghina7-bit.github.io/info-matrix/simulator.html]
[cdnjs.cloudflare.com/ajax/libs/html2canvas/1.4.1/html2canvas.min.js]
[engghina7-bit.github.io/info-matrix/جدولي_الجامعي_infoMatrix.png]
[engghina7-bit.github.io/info-matrix/class_registration.html]
[engghina7-bit.github.io/info-matrix/admin.html]
[engghina7-bit.github.io/info-matrix/logo.html]
[engghina7-bit.github.io/info-matrix/جدولي_الجامعي_infoMatrix.html]
